// Jest Snapshot v1, https://goo.gl/fbAQLP

exports[`renderer should render preview 1`] = `
<div
  className="root"
  data-testid="name-example-0"
>
  <div
    className="preview pizza"
    data-preview="name"
    title="salami"
  >
    <div>
      preview
    </div>
  </div>
  <div
    className="controls"
  >
    <div>
      <div>
        tab buttons
      </div>
    </div>
    <div
      className="toolbar"
    >
      <div>
        toolbar
      </div>
    </div>
  </div>
  <div
    className="tab"
  >
    <div>
      tab body
    </div>
  </div>
</div>
`;

exports[`should render component renderer 1`] = `
<Styled(Playground)
  exampleIndex={0}
  name="name"
  preview={
    <Preview
      code=
<button>
  OK
</button>

      evalInContext={[Function]}
    />
  }
  previewProps={Object {}}
  tabBody={
    <Slot
      name="exampleTabs"
      onlyActive={true}
      props={
        Object {
          "code": 
<button>
  OK
</button>
,
          "evalInContext": [Function],
          "onChange": [Function],
        }
      }
    />
  }
  tabButtons={
    <Slot
      name="exampleTabButtons"
      props={
        Object {
          "onClick": [Function],
        }
      }
    />
  }
  toolbar={
    <Slot
      name="exampleToolbar"
      props={
        Object {
          "example": 0,
          "isolated": false,
          "name": "name",
        }
      }
    />
  }
/>
`;
