// Jest Snapshot v1, https://goo.gl/fbAQLP

exports[`renderer should render header 1`] = `
<Styled(Heading)
  level={1}
>
  <div
    className="rsg--logoText-0"
  >
    React Styleguidist
  </div>
</Styled(Heading)>
`;
