// Jest Snapshot v1, https://goo.gl/fbAQLP

exports[`should render examples 1`] = `
<ContextProvider
  value={
    Object {
      "codeRevision": 1,
      "displayMode": "example",
    }
  }
>
  <Consumer(Examples)
    exampleMode="collapse"
    examples={
      Array [
        Object {
          "content": 
<button>
  OK
</button>
,
          "evalInContext": [Function],
          "type": "code",
        },
        Object {
          "content": "Hello *world*!",
          "type": "markdown",
        },
      ]
    }
    name="button"
  />
</ContextProvider>
`;
