// Jest Snapshot v1, https://goo.gl/fbAQLP

exports[`should renderer a button 1`] = `
<Styled(TabButton)
  name="Pizza"
  onClick={[Function]}
  props={
    Object {
      "props": Object {
        "foo": Object {},
      },
    }
  }
>
  Props & methods
</Styled(TabButton)>
`;
