// Jest Snapshot v1, https://goo.gl/fbAQLP

exports[`Markdown Checkbox should render a checkbox input 1`] = `
<input
  class="rsg--input-0"
  config="[object Object]"
  type="checkbox"
/>
`;
