// Jest Snapshot v1, https://goo.gl/fbAQLP

exports[`Markdown should render Markdown in span in inline mode 1`] = `"<span class=\\"rsg--base-0\\">Hello <em class=\\"rsg--em-9 rsg--base-0\\">world</em>!</span>"`;

exports[`Markdown should render Markdown with custom CSS classes 1`] = `"<div><div class=\\"rsg--spacing-21\\"><h1 class=\\"rsg--heading-22 rsg--heading1-23\\">Header</h1></div><p class=\\"rsg--p-2 rsg--para-1\\">Text with <em class=\\"rsg--em-9 rsg--base-0\\">some</em> <strong class=\\"rsg--strong-10 rsg--base-0\\">formatting</strong> and a <a href=\\"/foo\\" class=\\"rsg--link-20\\">link</a>.</p><p class=\\"rsg--p-2 rsg--para-1\\"><img alt=\\"Image\\" src=\\"/bar.png\\"></p></div>"`;

exports[`Markdown should render check-lists correctly 1`] = `"<ul class=\\"rsg--ul-3 rsg--para-1\\"><li class=\\"rsg--li-5 rsg--base-0\\"><input type=\\"checkbox\\" class=\\"rsg--input-6\\" readonly>list 1</li><li class=\\"rsg--li-5 rsg--base-0\\"><input type=\\"checkbox\\" class=\\"rsg--input-6\\" readonly>list 2</li><li class=\\"rsg--li-5 rsg--base-0\\"><input type=\\"checkbox\\" class=\\"rsg--input-6\\" checked readonly>list 3</li></ul>"`;

exports[`Markdown should render code blocks without escaping 1`] = `"<pre class=\\"rsg--pre-12 rsg--para-1\\"><code class=\\"rsg--code-11 lang-html\\"><foo></foo></code></pre>"`;

exports[`Markdown should render headings correctly 1`] = `"<div><div class=\\"rsg--spacing-21\\"><h1 class=\\"rsg--heading-22 rsg--heading1-23\\">one</h1></div><div class=\\"rsg--spacing-21\\"><h2 class=\\"rsg--heading-22 rsg--heading2-24\\">two</h2></div><div class=\\"rsg--spacing-21\\"><h3 class=\\"rsg--heading-22 rsg--heading3-25\\">three</h3></div><div class=\\"rsg--spacing-21\\"><h4 class=\\"rsg--heading-22 rsg--heading4-26\\">four</h4></div><div class=\\"rsg--spacing-21\\"><h5 class=\\"rsg--heading-22 rsg--heading5-27\\">five</h5></div><div class=\\"rsg--spacing-21\\"><h6 class=\\"rsg--heading-22 rsg--heading6-28\\">six</h6></div></div>"`;

exports[`Markdown should render inline code with escaping 1`] = `"<p class=\\"rsg--p-2 rsg--para-1\\">Foo <code class=\\"rsg--code-11\\">&lt;bar&gt;</code> baz</p>"`;

exports[`Markdown should render links 1`] = `"<p class=\\"rsg--p-2 rsg--para-1\\">a <a href=\\"http://test.com\\" class=\\"rsg--link-20\\">link</a></p>"`;

exports[`Markdown should render mixed nested lists correctly 1`] = `"<ul class=\\"rsg--ul-3 rsg--para-1\\"><li class=\\"rsg--li-5 rsg--base-0\\">list 1</li><li class=\\"rsg--li-5 rsg--base-0\\"><p class=\\"rsg--p-2 rsg--para-1\\">list 2</p><ol class=\\"rsg--ol-4 rsg--para-1\\" start=\\"1\\"><li class=\\"rsg--li-5 rsg--base-0\\">Sub-list</li><li class=\\"rsg--li-5 rsg--base-0\\">Sub-list</li><li class=\\"rsg--li-5 rsg--base-0\\">Sub-list</li></ol></li><li class=\\"rsg--li-5 rsg--base-0\\">list 3</li></ul>"`;

exports[`Markdown should render ordered lists correctly 1`] = `"<ol class=\\"rsg--ol-4 rsg--para-1\\" start=\\"1\\"><li class=\\"rsg--li-5 rsg--base-0\\">list</li><li class=\\"rsg--li-5 rsg--base-0\\">item</li><li class=\\"rsg--li-5 rsg--base-0\\">three</li></ol>"`;

exports[`Markdown should render unordered lists correctly 1`] = `"<ul class=\\"rsg--ul-3 rsg--para-1\\"><li class=\\"rsg--li-5 rsg--base-0\\">list</li><li class=\\"rsg--li-5 rsg--base-0\\">item</li><li class=\\"rsg--li-5 rsg--base-0\\">three</li></ul>"`;
