// Jest Snapshot v1, https://goo.gl/fbAQLP

exports[`Markdown Blockquote should render a blockquote 1`] = `
<blockquote
  class="rsg--blockquote-0"
>
  To be, or not to be: that is the question
</blockquote>
`;
